ARM Linker, 5.03 [Build 76] [MDK-ARM Lite]

==============================================================================

Section Cross References



==============================================================================

Removing Unused input sections from the image.

    Removing first.o(prog), (12 bytes).

1 unused section(s) (total 12 bytes) removed from the image.

==============================================================================

Image Symbol Table

    Local Symbols

    Symbol Name                              Value     Ov Type        Size  Object(Section)

    array_traverse_down                      0x00000000   Section       48  array_down.o(array_traverse_down)
    array_down.s                             0x00000000   Number         0  array_down.o ABSOLUTE
    array_up.s                               0x00000000   Number         0  array_up.o ABSOLUTE
    first.asm                                0x00000000   Number         0  first.o ABSOLUTE
    myadd.s                                  0x00000000   Number         0  myadd.o ABSOLUTE
    mycode.s                                 0x00000000   Number         0  mycode.o ABSOLUTE
    array_traverse_up                        0x00000030   Section       56  array_up.o(array_traverse_up)
    myadd                                    0x00000068   Section       20  myadd.o(myadd)
    prog1                                    0x0000007c   Section       16  mycode.o(prog1)

    Global Symbols

    Symbol Name                              Value     Ov Type        Size  Object(Section)

    BuildAttributes$$THM_ISAv1$ARM_ISAv4$S$PE$A:L22$X:L11$S22$IEEE1$IW$USESV6$~STKCKD$USESV7$~SHL$OSPACE$EBA8$STANDARDLIB$PRES8$EABIv2 0x00000000   Number         0  anon$$obj.o ABSOLUTE



==============================================================================

Memory Map of the image

  Image Entry point : 0x00000000

  Load Region LR_1 (Base: 0x00000000, Size: 0x0000008c, Max: 0xffffffff, ABSOLUTE)

    Execution Region ER_RO (Base: 0x00000000, Size: 0x0000008c, Max: 0xffffffff, ABSOLUTE)

    Base Addr    Size         Type   Attr      Idx    E Section Name        Object

    0x00000000   0x00000030   Code   RO            1  * array_traverse_down  array_down.o
    0x00000030   0x00000038   Code   RO            6  * array_traverse_up   array_up.o
    0x00000068   0x00000014   Code   RO           12  * myadd               myadd.o
    0x0000007c   0x00000010   Code   RO           15  * prog1               mycode.o


    Execution Region ER_RW (Base: 0x40000000, Size: 0x00000000, Max: 0xffffffff, ABSOLUTE)

    **** No section assigned to this execution region ****


    Execution Region ER_ZI (Base: 0x40000000, Size: 0x00000000, Max: 0xffffffff, ABSOLUTE)

    **** No section assigned to this execution region ****


==============================================================================

Image component sizes


      Code (inc. data)   RO Data    RW Data    ZI Data      Debug   Object Name

        48         24          0          0          0        232   array_down.o
        56         24          0          0          0        200   array_up.o
        20          0          0          0          0        188   myadd.o
        16          0          0          0          0        188   mycode.o

    ----------------------------------------------------------------------
       140         48          0          0          0        808   Object Totals
         0          0          0          0          0          0   (incl. Generated)
         0          0          0          0          0          0   (incl. Padding)

    ----------------------------------------------------------------------
         0          0          0          0          0          0   Library Totals
         0          0          0          0          0          0   (incl. Padding)

    ----------------------------------------------------------------------

==============================================================================


      Code (inc. data)   RO Data    RW Data    ZI Data      Debug   

       140         48          0          0          0        808   Grand Totals
       140         48          0          0          0        808   ELF Image Totals
       140         48          0          0          0          0   ROM Totals

==============================================================================

    Total RO  Size (Code + RO Data)                  140 (   0.14kB)
    Total RW  Size (RW Data + ZI Data)                 0 (   0.00kB)
    Total ROM Size (Code + RO Data + RW Data)        140 (   0.14kB)

==============================================================================

